
> sheik-parfum@0.1.0 build
> next build

Ôû▓ Next.js 16.1.6 (Turbopack)
- Environments: .env.local

node.exe : ÔÜá The 
"middleware" file 
convention is 
deprecated. Please use 
"proxy" instead. Learn 
more: https://nextjs.org/
docs/messages/middleware-
to-proxy
No linha:1 caractere:1
+ & "C:\Program 
Files\nodejs/node.exe" 
"C:\Program 
Files\nodejs/node_mo ...
+ ~~~~~~~~~~~~~~~~~~~~~~~
~~~~~~~~~~~~~~~~~~~~~~~~~
~~~~~~~~~~~~~~~~~~~~~
    + CategoryInfo       
       : NotSpecified: 
(ÔÜá T    he 
"middle...leware-to-    
proxy:String) [], Remot  
  eException
    + 
FullyQualifiedErrorId    
 : NativeCommandError
 
  Creating an optimized production build ...
Ô£ô Compiled successfully in 16.8s
  Running TypeScript ...
  Collecting page data using 7 workers ...
  Generating static pages using 7 workers (0/23) ...
The width(-1) and 
height(-1) of chart 
should be greater than 0,
       please check the 
style of container, or 
the props width(100%) 
and height(100%),
       or add a 
minWidth(0) or 
minHeight(undefined) or 
use aspect(undefined) to 
control the
       height and width.
  Generating static pages using 7 workers (5/23) 
  Generating static pages using 7 workers (11/23) 
TOTAL ORIGINAL: 0
TOTAL ENVIADO: 0
Ô¿» useSearchParams() 
should be wrapped in a 
suspense boundary at 
page "/success". Read 
more: https://nextjs.org/
docs/messages/missing-sus
pense-with-csr-bailout
    at Q (C:\Users\elain\
OneDrive\Desktop\sheik-pa
rfum\.next\server\chunks\
ssr\node_modules_next_920
e7746._.js:2:2111)
    at o (C:\Users\elain\
OneDrive\Desktop\sheik-pa
rfum\.next\server\chunks\
ssr\node_modules_next_920
e7746._.js:4:5284)
    at f (C:\Users\elain\
OneDrive\Desktop\sheik-pa
rfum\.next\server\chunks\
ssr\app_success_page_tsx_
d0860feb._.js:1:161)
    at an (C:\Users\elain
\OneDrive\Desktop\sheik-p
arfum\node_modules\next\d
ist\compiled\next-server\
app-page-turbo.runtime.pr
od.js:2:84360)
    at ai (C:\Users\elain
\OneDrive\Desktop\sheik-p
arfum\node_modules\next\d
ist\compiled\next-server\
app-page-turbo.runtime.pr
od.js:2:86179)
    at al (C:\Users\elain
\OneDrive\Desktop\sheik-p
arfum\node_modules\next\d
ist\compiled\next-server\
app-page-turbo.runtime.pr
od.js:2:107953)
    at as (C:\Users\elain
\OneDrive\Desktop\sheik-p
arfum\node_modules\next\d
ist\compiled\next-server\
app-page-turbo.runtime.pr
od.js:2:105368)
    at aa (C:\Users\elain
\OneDrive\Desktop\sheik-p
arfum\node_modules\next\d
ist\compiled\next-server\
app-page-turbo.runtime.pr
od.js:2:84712)
    at ai (C:\Users\elain
\OneDrive\Desktop\sheik-p
arfum\node_modules\next\d
ist\compiled\next-server\
app-page-turbo.runtime.pr
od.js:2:86228)
    at ai (C:\Users\elain
\OneDrive\Desktop\sheik-p
arfum\node_modules\next\d
ist\compiled\next-server\
app-page-turbo.runtime.pr
od.js:2:104708)
Error occurred 
prerendering page 
"/success". Read more: ht
tps://nextjs.org/docs/mes
sages/prerender-error
Export encountered an 
error on /success/page: 
/success, exiting the 
build.
Ô¿» Next.js build worker 
exited with code: 1 and 
signal: null
